TAP version 13
# Subtest: 2ГИС: точное кодирование Новосибирск, ул. Большевистская, 45
ok 1 - 2ГИС: точное кодирование Новосибирск, ул. Большевистская, 45
  ---
  duration_ms: 1.916479
  type: 'test'
  ...
# Subtest: Яндекс: точное кодирование Новосибирск, ул. Большевистская, 45
ok 2 - Яндекс: точное кодирование Новосибирск, ул. Большевистская, 45
  ---
  duration_ms: 0.199974
  type: 'test'
  ...
# Subtest: 2ГИС: точное кодирование Новосибирск, Красный проспект, 10
ok 3 - 2ГИС: точное кодирование Новосибирск, Красный проспект, 10
  ---
  duration_ms: 0.101921
  type: 'test'
  ...
# Subtest: Яндекс: точное кодирование Новосибирск, Красный проспект, 10
ok 4 - Яндекс: точное кодирование Новосибирск, Красный проспект, 10
  ---
  duration_ms: 0.074701
  type: 'test'
  ...
# Subtest: 2ГИС: точное кодирование Новосибирск, ул. Ленина, 5, корпус 2
ok 5 - 2ГИС: точное кодирование Новосибирск, ул. Ленина, 5, корпус 2
  ---
  duration_ms: 0.073703
  type: 'test'
  ...
# Subtest: Яндекс: точное кодирование Новосибирск, ул. Ленина, 5, корпус 2
ok 6 - Яндекс: точное кодирование Новосибирск, ул. Ленина, 5, корпус 2
  ---
  duration_ms: 0.093169
  type: 'test'
  ...
# Subtest: 2ГИС: точное кодирование Томск, ул. Мира, 12/1
ok 7 - 2ГИС: точное кодирование Томск, ул. Мира, 12/1
  ---
  duration_ms: 0.051131
  type: 'test'
  ...
# Subtest: Яндекс: точное кодирование Томск, ул. Мира, 12/1
ok 8 - Яндекс: точное кодирование Томск, ул. Мира, 12/1
  ---
  duration_ms: 0.049889
  type: 'test'
  ...
# Subtest: 2ГИС: точное кодирование Омск, ул. Рабочая, 3 & 4
ok 9 - 2ГИС: точное кодирование Омск, ул. Рабочая, 3 & 4
  ---
  duration_ms: 0.283213
  type: 'test'
  ...
# Subtest: Яндекс: точное кодирование Омск, ул. Рабочая, 3 & 4
ok 10 - Яндекс: точное кодирование Омск, ул. Рабочая, 3 & 4
  ---
  duration_ms: 0.223223
  type: 'test'
  ...
# Subtest: нет адреса, нет ссылки
ok 11 - нет адреса, нет ссылки
  ---
  duration_ms: 0.248649
  type: 'test'
  ...
# Subtest: город не дублируется
ok 12 - город не дублируется
  ---
  duration_ms: 0.071616
  type: 'test'
  ...
# Subtest: добавляем город к реальному адресу
ok 13 - добавляем город к реальному адресу
  ---
  duration_ms: 0.038167
  type: 'test'
  ...
# Subtest: оплата за смену
ok 14 - оплата за смену
  ---
  duration_ms: 0.989826
  type: 'test'
  ...
# Subtest: диапазон оплаты
ok 15 - диапазон оплаты
  ---
  duration_ms: 0.320686
  type: 'test'
  ...
# Subtest: часы не зарплата
ok 16 - часы не зарплата
  ---
  duration_ms: 0.059321
  type: 'test'
  ...
# Subtest: без единицы не угадываем
ok 17 - без единицы не угадываем
  ---
  duration_ms: 0.103623
  type: 'test'
  ...
# Subtest: месячная оплата
ok 18 - месячная оплата
  ---
  duration_ms: 0.076089
  type: 'test'
  ...
# Subtest: обратный диапазон не угадываем
ok 19 - обратный диапазон не угадываем
  ---
  duration_ms: 0.03831
  type: 'test'
  ...
# Subtest: неизвестная зарплата видна явно
ok 20 - неизвестная зарплата видна явно
  ---
  duration_ms: 0.07837
  type: 'test'
  ...
# Subtest: идентичные объявления дедуплицируются
ok 21 - идентичные объявления дедуплицируются
  ---
  duration_ms: 0.569007
  type: 'test'
  ...
# Subtest: другой контакт не объединяется
ok 22 - другой контакт не объединяется
  ---
  duration_ms: 0.128691
  type: 'test'
  ...
# Subtest: другая дата не объединяется
ok 23 - другая дата не объединяется
  ---
  duration_ms: 0.060896
  type: 'test'
  ...
# Subtest: другая оплата не объединяется
ok 24 - другая оплата не объединяется
  ---
  duration_ms: 0.046938
  type: 'test'
  ...
# Subtest: права работодателя не дают админку
ok 25 - права работодателя не дают админку
  ---
  duration_ms: 0.060186
  type: 'test'
  ...
# Subtest: локальная дата на границе суток
ok 26 - локальная дата на границе суток
  ---
  duration_ms: 9.268532
  type: 'test'
  ...
# Subtest: завтра на границе месяца
ok 27 - завтра на границе месяца
  ---
  duration_ms: 0.242369
  type: 'test'
  ...
# Subtest: параметры поиска не портят диапазон
ok 28 - параметры поиска не портят диапазон
  ---
  duration_ms: 0.214304
  type: 'test'
  ...
# Subtest: минимум и дата фильтра
ok 29 - минимум и дата фильтра
  ---
  duration_ms: 0.120204
  type: 'test'
  ...
# Subtest: корректная подпись webhook
ok 30 - корректная подпись webhook
  ---
  duration_ms: 1.179209
  type: 'test'
  ...
# Subtest: подмена тела webhook
ok 31 - подмена тела webhook
  ---
  duration_ms: 0.260595
  type: 'test'
  ...
# Subtest: просроченная подпись
ok 32 - просроченная подпись
  ---
  duration_ms: 0.146573
  type: 'test'
  ...
# Subtest: невалидная длина подписи не вызывает исключения
ok 33 - невалидная длина подписи не вызывает исключения
  ---
  duration_ms: 0.051668
  type: 'test'
  ...
# Subtest: защита endpoint от SSRF
ok 34 - защита endpoint от SSRF
  ---
  duration_ms: 0.121428
  type: 'test'
  ...
# Subtest: email не становится Telegram-контактом
ok 35 - email не становится Telegram-контактом
  ---
  duration_ms: 1.31405
  type: 'test'
  ...
# Subtest: нижняя граница не создаёт верхнюю
ok 36 - нижняя граница не создаёт верхнюю
  ---
  duration_ms: 0.738614
  type: 'test'
  ...
# Subtest: верхняя граница не создаёт нижнюю
ok 37 - верхняя граница не создаёт нижнюю
  ---
  duration_ms: 0.236061
  type: 'test'
  ...
# Subtest: копейки распознаются
ok 38 - копейки распознаются
  ---
  duration_ms: 0.158148
  type: 'test'
  ...
# Subtest: несуществующая дата не передаётся в SQL
ok 39 - несуществующая дата не передаётся в SQL
  ---
  duration_ms: 0.403323
  type: 'test'
  ...
# Subtest: новость не вакансия
ok 40 - новость не вакансия
  ---
  duration_ms: 0.767855
  type: 'test'
  ...
# Subtest: сохраняем неизвестные поля null
ok 41 - сохраняем неизвестные поля null
  ---
  duration_ms: 0.810342
  type: 'test'
  ...
# Subtest: извлекаем только явно указанное
ok 42 - извлекаем только явно указанное
  ---
  duration_ms: 0.669365
  type: 'test'
  ...
1..42
# tests 42
# suites 0
# pass 42
# fail 0
# cancelled 0
# skipped 0
# todo 0
# duration_ms 115.336722
